// Jest Snapshot v1, https://goo.gl/fbAQLP

exports[`ViewModel should render properly 1`] = `
<WrappedComponent
  model={
    Model {
      "setValues": [Function],
    }
  }
/>
`;
